1> Refugio creado.
2> Se liberÃ³ la memoria asociada al refugio.
3> Fin.
