1> #  creo una tabla de tamanio 4.
2> Tabla de fichas de vacunación con cantidad estimada 4 creada.
3> #  libero la tabla.
4> Se liberó la tabla de fichas de vacunación.
5> #  creo una tabla de tamanio 15.
6> Tabla de fichas de vacunación con cantidad estimada 15 creada.
7> #  libero la tabla.
8> Se liberó la tabla de fichas de vacunación.
9> Fin.
