1>2>3>4>5>6>Persona Arturo Alvarez
CI: 15
Fecha de Nacimiento: 10/3/1970
Perros adoptados:
7>8>Persona Arturo Alvarez
CI: 15
Fecha de Nacimiento: 10/3/1970
Perros adoptados:
9>10>11>12>13>14>15>16>17>#  2 elementos.
18>Persona Daniel Diaz
CI: 1
Fecha de Nacimiento: 5/1/1988
Perros adoptados:
Persona Beatriz Baez
CI: 10
Fecha de Nacimiento: 25/7/1985
Perros adoptados:
19>#  2 elementos.
20>Persona Carmen Cardozo
CI: 5
Fecha de Nacimiento: 30/11/1972
Perros adoptados:
Persona Eugenia Estevez
CI: 11
Fecha de Nacimiento: 30/11/1972
Perros adoptados:
21>#  4 elementos.
22>Persona Daniel Diaz
CI: 1
Fecha de Nacimiento: 5/1/1988
Perros adoptados:
Persona Carmen Cardozo
CI: 5
Fecha de Nacimiento: 30/11/1972
Perros adoptados:
Persona Beatriz Baez
CI: 10
Fecha de Nacimiento: 25/7/1985
Perros adoptados:
Persona Eugenia Estevez
CI: 11
Fecha de Nacimiento: 30/11/1972
Perros adoptados:
23>#  5 elementos.
24>Persona Daniel Diaz
CI: 1
Fecha de Nacimiento: 5/1/1988
Perros adoptados:
Persona Carmen Cardozo
CI: 5
Fecha de Nacimiento: 30/11/1972
Perros adoptados:
Persona Beatriz Baez
CI: 10
Fecha de Nacimiento: 25/7/1985
Perros adoptados:
Persona Eugenia Estevez
CI: 11
Fecha de Nacimiento: 30/11/1972
Perros adoptados:
Persona Arturo Alvarez
CI: 15
Fecha de Nacimiento: 10/3/1970
Perros adoptados:
25>26>Fin.
