1>Se obtuvieron las personas 1 1 1 1 con cedulas respectivas 0 199999 66666 133333
Calculado correctamente en menos de 0.010s.
2>Fin.
