1>2>Lista de adopciones:
Fin lista de adopciones.
3>4>5>6>7>8>9>10>Adopcion de persona de CI 12345678 y perro de id 1 agregada de forma exitosa.
11>Lista de adopciones:
---------------------------
Adopcion en fecha 1/1/2025
Adoptante:
Persona Mickey Mouse
CI: 12345678
Adoptado:
Perro 1
Nombre: Pluto
Fecha de ingreso: 18/8/1930
---------------------------
Fin lista de adopciones.
12>13>Fin.
