1>2>La CI de la persona es: 12345678
3>El nombre de la persona es: Pedro
El apellido de la persona es: Alfonso
4>Persona Pedro Alfonso
CI: 12345678
Fecha de Nacimiento: 4/6/2000
Perros adoptados:
5>La fecha de nacimiento de la persona es: 4/6/2000
6>7>8>La CI de la persona es: 23429221
9>El nombre de la persona es: Luis
El apellido de la persona es: Rodriguez
10>Persona Luis Rodriguez
CI: 23429221
Fecha de Nacimiento: 9/2/1998
Perros adoptados:
11>La fecha de nacimiento de la persona es: 9/2/1998
12>13>14>La CI de la persona es: 98766543
15>El nombre de la persona es: Mateo
El apellido de la persona es: Perez
16>Persona Mateo Perez
CI: 98766543
Fecha de Nacimiento: 29/9/1977
Perros adoptados:
17>La fecha de nacimiento de la persona es: 29/9/1977
18>19>20>La CI de la persona es: 23429221
21>El nombre de la persona es: Jose
El apellido de la persona es: Riquelme
22>Persona Jose Riquelme
CI: 23429221
Fecha de Nacimiento: 6/11/1986
Perros adoptados:
23>La fecha de nacimiento de la persona es: 6/11/1986
24>25>26>La CI de la persona es: 55549321
27>El nombre de la persona es: Leopoldo
El apellido de la persona es: Suarez
28>Persona Leopoldo Suarez
CI: 55549321
Fecha de Nacimiento: 23/1/2002
Perros adoptados:
29>La fecha de nacimiento de la persona es: 23/1/2002
30>31>32>33>Fin.
