1>2>3>Perro 1
Nombre: Poppy
Edad: 4
Descripcion:  Caniche griton
Fecha de ingreso: 10/11/2024
Vitalidad: 8
4>5>Fin.
