1>2>3>Perro 1
Nombre: Kim
Edad: 3
Descripcion:  Husky siberiana enérgica con ojos azules que disfruta correr en la nieve
Fecha de ingreso: 5/10/2022
Vitalidad: 8
4>5>La edad del perro es: 4
6>7>La vitalidad del perro es: 7
8>Perro 1
Nombre: Kim
Edad: 4
Descripcion:  Husky siberiana enérgica con ojos azules que disfruta correr en la nieve
Fecha de ingreso: 5/10/2022
Vitalidad: 7
9>10>Fin.
