1>2>#  se crean 5 perros para ingresarlos al refugio.
3>4>5>6>7>8>9>10>11>12>13>14>15>16>17>18>#  No hay perros fecha.
19>No se encontraron perros ingresados en la fecha determinada.
20>#  Hay 2 perros fecha.
21>Perro 2
Nombre: Sirius
Edad: 6
Descripcion:  Black
Fecha de ingreso: 15/6/2020
Vitalidad: 9
Perro 3
Nombre: Remus
Edad: 6
Descripcion:  Lupin
Fecha de ingreso: 15/6/2020
Vitalidad: 8
22>23>Fin.
