1> Se ejecut贸 'crearTAGFichaVacunacion' exitosamente.
2> Se ejecut贸 'liberarTAGFichaVacunacion' exitosamente.
3> Se ejecut贸 'crearTAGFichaVacunacion' exitosamente.
4> Se ejecut贸 'liberarTAGFichaVacunacion' exitosamente.
5> Fin.
