1> Se ejecutó 'crearTColaPerros' exitosamente
2> La cantidad de perros en la cola es 0
3> Fecha creada en forma exitosa.
4> 5> Se ejecutó 'encolarTColaPerros' exitosamente con perro de id 1
6> La cantidad de perros en la cola es 1
7> Se ejecutó 'desencolarTColaPerros' exitosamente
8> Fecha creada en forma exitosa.
9> 10> Se ejecutó 'encolarTColaPerros' exitosamente con perro de id 9
11> La cantidad de perros en la cola es 1
12> Perro obtenido al ejecutar frente:
Perro 9
Nombre: Voltorb
Edad: 5
Descripcion:  Golden Retriever, amigable y leal, pelaje dorado brillante
Fecha de ingreso: 5/1/2024
Vitalidad: 12
13> Se ejecutó 'desencolarTColaPerros' exitosamente
14> Se ejecutó 'liberarTColaPerros' exitosamente
15> Se ejecutó 'crearTColaPerros' exitosamente
16> Fecha creada en forma exitosa.
17> 18> Se ejecutó 'encolarTColaPerros' exitosamente con perro de id 7
19> Perro obtenido al ejecutar frente:
Perro 7
Nombre: Luna
Edad: 4
Descripcion:  Husky siberiana enérgica con ojos azules que disfruta correr en la nieve
Fecha de ingreso: 20/12/2024
Vitalidad: 10
20> Fecha creada en forma exitosa.
21> 22> Se ejecutó 'encolarTColaPerros' exitosamente con perro de id 4
23> Perro obtenido al ejecutar frente:
Perro 7
Nombre: Luna
Edad: 4
Descripcion:  Husky siberiana enérgica con ojos azules que disfruta correr en la nieve
Fecha de ingreso: 20/12/2024
Vitalidad: 10
24> Fecha creada en forma exitosa.
25> 26> Se ejecutó 'encolarTColaPerros' exitosamente con perro de id 8
27> Perro obtenido al ejecutar frente:
Perro 7
Nombre: Luna
Edad: 4
Descripcion:  Husky siberiana enérgica con ojos azules que disfruta correr en la nieve
Fecha de ingreso: 20/12/2024
Vitalidad: 10
28> La cantidad de perros en la cola es 3
29> Fecha creada en forma exitosa.
30> 31> Se ejecutó 'encolarTColaPerros' exitosamente con perro de id 3
32> La cantidad de perros en la cola es 4
33> Se ejecutó 'desencolarTColaPerros' exitosamente
34> Perro obtenido al ejecutar frente:
Perro 4
Nombre: Turing
Edad: 3
Descripcion:  Un Bulldog Inglés tranquilo y cariñoso que disfruta de largas siestas y abrazos
Fecha de ingreso: 21/12/2024
Vitalidad: 9
35> La cantidad de perros en la cola es 3
36> Se ejecutó 'liberarTColaPerros' exitosamente
37> Fin.
